A is active player
Victory
Game log saved to assembleTest.txt