A is active player
A Dig 1
Game log saved to dignoshovel.txt