A is active player
A removed item.Food
A Eat 3 4
A Dig 2
A ended turn early
B is active player
B Dig 1
B Dig 1
B Dig 1
B move from 1 to 2
A is active player
Game log saved to endturntest1.txt