A is active player
A Dig 1 no snow
Game log saved to nosnow.txt